src/pages/admin/AdminProcessDetail.tsx(3,26): error TS2307: Cannot find module '@/integrations/supabase/client' or its corresponding type declarations.
src/pages/admin/AdminProcessDetail.tsx(4,26): error TS2307: Cannot find module '@/hooks/use-toast' or its corresponding type declarations.
src/pages/admin/AdminProcessDetail.tsx(5,24): error TS2307: Cannot find module '@/presentation/components/atoms/button' or its corresponding type declarations.
src/pages/admin/AdminProcessDetail.tsx(41,8): error TS2307: Cannot find module '@/presentation/components/atoms/dialog' or its corresponding type declarations.
src/pages/admin/AdminProcessDetail.tsx(42,23): error TS2307: Cannot find module '@/presentation/components/atoms/badge' or its corresponding type declarations.
src/pages/admin/AdminProcessDetail.tsx(43,23): error TS2307: Cannot find module '@/presentation/components/atoms/input' or its corresponding type declarations.
src/pages/admin/AdminProcessDetail.tsx(44,37): error TS2307: Cannot find module '@/presentation/components/organisms/admin/AdminStatusTimeline' or its corresponding type declarations.
src/pages/admin/AdminProcessDetail.tsx(45,39): error TS2307: Cannot find module '@/presentation/components/organisms/admin/AdminVerticalTimeline' or its corresponding type declarations.
src/pages/admin/AdminProcessDetail.tsx(46,34): error TS2307: Cannot find module '@/presentation/components/organisms/admin/AdminProcessLogs' or its corresponding type declarations.
src/pages/admin/AdminProcessDetail.tsx(47,29): error TS2307: Cannot find module '@/i18n/LanguageContext' or its corresponding type declarations.
src/pages/admin/AdminProcessDetail.tsx(54,8): error TS2307: Cannot find module '@/presentation/components/atoms/card' or its corresponding type declarations.
src/pages/admin/AdminProcessDetail.tsx(55,58): error TS2307: Cannot find module '@/presentation/components/atoms/tabs' or its corresponding type declarations.
src/pages/admin/AdminProcessDetail.tsx(61,8): error TS2307: Cannot find module '@/presentation/components/atoms/accordion' or its corresponding type declarations.
src/pages/admin/AdminProcessDetail.tsx(63,20): error TS2307: Cannot find module '@/lib/utils' or its corresponding type declarations.
